<?xml version="1.0" encoding="UTF-8"?>
<testsuites name="jest tests" tests="2" failures="0" errors="0" time="2.9">
  <testsuite name="CoursesComponent" errors="0" failures="0" skipped="0" timestamp="2024-09-22T21:23:54" time="1.155" tests="1">
    <testcase classname="CoursesComponent should create" name="CoursesComponent should create" time="0.064">
    </testcase>
  </testsuite>
  <testsuite name="CoursesListComponent" errors="0" failures="0" skipped="0" timestamp="2024-09-22T21:23:54" time="1.164" tests="1">
    <testcase classname="CoursesListComponent should create" name="CoursesListComponent should create" time="0.078">
    </testcase>
  </testsuite>
</testsuites>